V3 3
FL C:/Users/adriqun/Documents/Xilinx/AND/my_and.vhd 2018/10/12.22:58:45 P.20131013
EN work/my_and 1539377927 FL C:/Users/adriqun/Documents/Xilinx/AND/my_and.vhd \
      PB ieee/std_logic_1164 1381692176 PB ieee/NUMERIC_STD 1381692181
AR work/my_and/Behavioral 1539377928 \
      FL C:/Users/adriqun/Documents/Xilinx/AND/my_and.vhd EN work/my_and 1539377927
